=== essmath_2_8
  edits: 106 applied, 0 rejected, 2 unresolved
  round 1:   essmath_2_8: 5 major, 3 minor
  edits: 39 applied, 0 rejected, 2 unresolved
  round 2:   essmath_2_8: 3 major, 4 minor
  edits: 17 applied, 0 rejected, 0 unresolved
  round 3:   essmath_2_8: 4 major, 4 minor
  OK     essmath_2_8
=== phys_2_1
  edits: 33 applied, 7 rejected, 2 unresolved
  round 1:   phys_2_1: 5 major, 4 minor
  edits: 2 applied, 3 rejected, 5 unresolved
  round 2:   phys_2_1: 4 major, 6 minor
  edits: 22 applied, 10 rejected, 1 unresolved
  round 3:   phys_2_1: 4 major, 5 minor
  REVIEW phys_2_1: best attempt written, flagged needs_review (logs/final_explanation_issues/phys_2_1.json)
=== phys_1_3
  edits: 23 applied, 0 rejected, 0 unresolved
  round 1:   phys_1_3: 2 major, 3 minor
  edits: 2 applied, 0 rejected, 1 unresolved
  round 2:   phys_1_3: 3 major, 5 minor
  edits: 7 applied, 0 rejected, 1 unresolved
  round 3:   phys_1_3: 3 major, 5 minor
  OK     phys_1_3
=== phys_1_1
  edits: 30 applied, 5 rejected, 0 unresolved
  round 1:   phys_1_1: 2 major, 7 minor
  edits: 11 applied, 0 rejected, 0 unresolved
  round 2:   phys_1_1: 3 major, 6 minor
  edits: 18 applied, 0 rejected, 0 unresolved
  round 3:   phys_1_1: 4 major, 4 minor
  OK     phys_1_1
=== gensci_2_4
  edits: 24 applied, 1 rejected, 0 unresolved
  round 1:   gensci_2_4: 4 major, 6 minor
  edits: 17 applied, 1 rejected, 0 unresolved
  round 2:   gensci_2_4: 5 major, 8 minor
  edits: 14 applied, 0 rejected, 1 unresolved
  round 3:   gensci_2_4: 2 major, 5 minor
  REVIEW gensci_2_4: best attempt written, flagged needs_review (logs/final_explanation_issues/gensci_2_4.json)
=== essmath_2_6
  edits: 30 applied, 1 rejected, 3 unresolved
  round 1:   essmath_2_6: 7 major, 3 minor
  edits: 20 applied, 0 rejected, 0 unresolved
  round 2:   essmath_2_6: 7 major, 3 minor
  edits: 18 applied, 1 rejected, 1 unresolved
  round 3:   essmath_2_6: 1 major, 0 minor
  OK     essmath_2_6
=== essmath_2_5
  edits: 47 applied, 0 rejected, 1 unresolved
  round 1:   essmath_2_5: 6 major, 4 minor
  edits: 38 applied, 4 rejected, 4 unresolved
  round 2:   essmath_2_5: 2 major, 1 minor
  edits: 10 applied, 0 rejected, 0 unresolved
  round 3:   essmath_2_5: 4 major, 6 minor
  OK     essmath_2_5
=== essmath_2_4
  edits: 32 applied, 0 rejected, 1 unresolved
  round 1:   essmath_2_4: 3 major, 5 minor
  edits: 27 applied, 0 rejected, 0 unresolved
  round 2:   essmath_2_4: 2 major, 7 minor
  edits: 11 applied, 0 rejected, 0 unresolved
  round 3:   essmath_2_4: 3 major, 5 minor
  OK     essmath_2_4
=== coremath_3_1
  edits: 4 applied, 1 rejected, 5 unresolved
  round 1:   coremath_3_1: 5 major, 3 minor
  edits: 6 applied, 1 rejected, 5 unresolved
  round 2:   coremath_3_1: 3 major, 4 minor
  edits: 0 applied, 0 rejected, 3 unresolved
  round 3:   coremath_3_1: 6 major, 3 minor
  OK     coremath_3_1
