  OK     coremath_2_9
=== math_4_1
  edits: 50 applied, 1 rejected, 0 unresolved
  round 1:   math_4_1: 1 major, 4 minor
  edits: 2 applied, 0 rejected, 0 unresolved
  round 2:   math_4_1: 0 major, 4 minor
  OK     math_4_1
=== essmath_2_8
  FAILED: no response
  round 1:   essmath_2_8: 5 major, 2 minor
  FAILED: no response
  round 2:   essmath_2_8: 5 major, 5 minor
  FAILED: no response
  round 3:   essmath_2_8: 7 major, 2 minor
  OK     essmath_2_8
=== phys_2_1
  FAILED: no response
  round 1:   phys_2_1: 5 major, 5 minor
  edits: 0 applied, 0 rejected, 5 unresolved
  round 2: 
  FAILED: no response
  round 3: 
  FAILED phys_2_1: no Final Explanation produced; old text kept
=== phys_1_3
  FAILED: no response
  round 1: 
  FAILED: no response
  round 2: 
  FAILED: no response
  round 3: 
  FAILED phys_1_3: no Final Explanation produced; old text kept
=== phys_1_1
  FAILED: no response
  round 1: 
  FAILED: no response
  round 2: 
  FAILED: no response
  round 3: 
  FAILED phys_1_1: no Final Explanation produced; old text kept
=== gensci_2_4
  FAILED: no response
  round 1: 
  FAILED: no response
  round 2: 
  FAILED: no response
  round 3: 
  FAILED gensci_2_4: no Final Explanation produced; old text kept
=== essmath_2_6
  FAILED: no response
