95 sub-strands, est ~$5.22
  bio_1_3: 2 major, 4 minor
  bio_2_1: 1 major, 6 minor
  bio_1_2: 3 major, 3 minor
  bio_1_1: 2 major, 7 minor
  bio_2_2: 2 major, 5 minor
  bio_2_3: 2 major, 6 minor
  bio_3_1: 2 major, 7 minor
  bio_3_2: 3 major, 5 minor
  chem_1_1: 2 major, 4 minor
  chem_1_2: 3 major, 3 minor
  bio_3_3: 2 major, 6 minor
  chem_1_4: 1 major, 6 minor
  chem_1_5: 2 major, 5 minor
  chem_1_3: 1 major, 12 minor
  chem_2_1: 4 major, 4 minor
  coremath_1_2: 1 major, 0 minor
  chem_3_1: 3 major, 5 minor
  coremath_1_1: 2 major, 4 minor
  coremath_1_3: 3 major, 4 minor
  coremath_2_1: 3 major, 4 minor
  coremath_2_5: 1 major, 0 minor
  coremath_2_3: 2 major, 3 minor
  coremath_2_2: 2 major, 4 minor
  coremath_2_4: 3 major, 4 minor
  coremath_2_8: 1 major, 0 minor
  coremath_2_6: 4 major, 3 minor
  coremath_2_9: 5 major, 3 minor
  coremath_2_7: 2 major, 6 minor
  coremath_3_1: 5 major, 4 minor
  coremath_3_2: 3 major, 5 minor
  essmath_1_1: 2 major, 6 minor
  essmath_1_2: 1 major, 7 minor
  essmath_1_3: 3 major, 3 minor
  essmath_2_1: 2 major, 4 minor
  essmath_2_2: 2 major, 4 minor
  essmath_2_3: 4 major, 3 minor
  essmath_2_4: 2 major, 6 minor
  essmath_2_5: 2 major, 4 minor
  essmath_2_7: 2 major, 4 minor
  essmath_2_6: 4 major, 4 minor
  essmath_2_8: 3 major, 3 minor
  g11_bio_1_1: 1 major, 3 minor
  essmath_3_1: 3 major, 3 minor
  essmath_3_2: 2 major, 5 minor
  g11_bio_1_2: 0 major, 5 minor
  g11_bio_1_4: 0 major, 5 minor
  g11_bio_1_3: 1 major, 5 minor
  g11_bio_2_1: 2 major, 3 minor
  g11_bio_3_1: 1 major, 3 minor
  g11_bio_2_2: 3 major, 3 minor
  g11_bio_2_3: 2 major, 3 minor
  g11_bio_3_2: 1 major, 2 minor
  g11_bio_3_3: 1 major, 4 minor
  gensci_1_1: 1 major, 7 minor
  gensci_1_3: 3 major, 3 minor
  gensci_1_2: 1 major, 6 minor
  gensci_1_4: 1 major, 5 minor
  gensci_1_5: 2 major, 5 minor
  gensci_1_7: 0 major, 5 minor
  gensci_2_3: 1 major, 0 minor
  gensci_1_6: 3 major, 4 minor
  gensci_2_1: 2 major, 4 minor
  gensci_2_2: 5 major, 7 minor
  gensci_2_4: 2 major, 6 minor
  gensci_2_5: 4 major, 3 minor
  gensci_3_1: 2 major, 4 minor
  gensci_3_3: 1 major, 4 minor
  gensci_3_2: 3 major, 5 minor
  math_1_1: 3 major, 4 minor
  gensci_3_4: 4 major, 6 minor
  math_1_3: 3 major, 5 minor
  math_1_2: 1 major, 5 minor
  math_1_4: 1 major, 3 minor
  math_2_1: 1 major, 5 minor
  math_2_2: 2 major, 6 minor
  math_2_4: 3 major, 3 minor
  math_2_3: 4 major, 6 minor
  math_3_2: 1 major, 4 minor
  math_3_1: 3 major, 7 minor
  math_3_3: 2 major, 5 minor
  math_3_4: 2 major, 7 minor
  math_4_2: 3 major, 2 minor
  math_4_1: 0 major, 5 minor
  phys_1_1: 2 major, 7 minor
  phys_1_2: 4 major, 3 minor
  phys_1_5: 1 major, 0 minor
  phys_1_3: 4 major, 4 minor
  phys_1_4: 4 major, 4 minor
  phys_3_2: 3 major, 5 minor
  phys_2_1: 4 major, 4 minor
  phys_3_1: 2 major, 6 minor
  phys_3_3: 4 major, 5 minor
  phys_4_1: 2 major, 4 minor
  phys_3_4: 3 major, 4 minor
  phys_4_2: 2 major, 9 minor

91 of 95 sub-strands have a major contradiction. See logs/lesson_drift/SUMMARY.md
Estimated spend this run: $6.39
