=== essmath_3_1
  Lesson consistency: 0 major contradiction(s) left after repair (see logs/lesson_drift/essmath_3_1.json)
  Link check: PASS hard failures: T1=0  T2=0  T3=0  T4=0  DEAD=0  SHAPE=0
  Logged run cost to /home/markk/ares/cbe-generation-system/logs/api_cost_log.md ($0.7932 estimated)
=== essmath_2_1
  Lesson consistency: 0 major contradiction(s) left after repair (see logs/lesson_drift/essmath_2_1.json)
  Link check: PASS hard failures: T1=0  T2=0  T3=0  T4=0  DEAD=0  SHAPE=0
  Logged run cost to /home/markk/ares/cbe-generation-system/logs/api_cost_log.md ($0.6911 estimated)
=== coremath_1_3
  Lesson consistency: 0 major contradiction(s) left after repair (see logs/lesson_drift/coremath_1_3.json)
  Link check: PASS hard failures: T1=0  T2=0  T3=0  T4=0  DEAD=0  SHAPE=0
  Logged run cost to /home/markk/ares/cbe-generation-system/logs/api_cost_log.md ($0.6725 estimated)
=== coremath_3_1
  Lesson consistency: 0 major contradiction(s) left after repair (see logs/lesson_drift/coremath_3_1.json)
  Link check: PASS hard failures: T1=0  T2=0  T3=0  T4=0  DEAD=0  SHAPE=0
  Logged run cost to /home/markk/ares/cbe-generation-system/logs/api_cost_log.md ($0.9378 estimated)
=== phys_2_1
  Lesson consistency: 0 major contradiction(s) left after repair (see logs/lesson_drift/phys_2_1.json)
  Link check: PASS hard failures: T1=0  T2=0  T3=0  T4=0  DEAD=0  SHAPE=0
  Logged run cost to /home/markk/ares/cbe-generation-system/logs/api_cost_log.md ($0.7302 estimated)
=== math_2_1
  Lesson consistency: 0 major contradiction(s) left after repair (see logs/lesson_drift/math_2_1.json)
  Link check: PASS hard failures: T1=0  T2=0  T3=0  T4=0  DEAD=0  SHAPE=0
  Logged run cost to /home/markk/ares/cbe-generation-system/logs/api_cost_log.md ($1.0085 estimated)
=== bio_1_2
  Lesson consistency: 0 major contradiction(s) left after repair (see logs/lesson_drift/bio_1_2.json)
  Link check: PASS hard failures: T1=0  T2=0  T3=0  T4=0  DEAD=0  SHAPE=0
  Logged run cost to /home/markk/ares/cbe-generation-system/logs/api_cost_log.md ($0.5645 estimated)
