=== math_1_3
  Lesson consistency: 0 major contradiction(s) left after repair (see logs/lesson_drift/math_1_3.json)
  Link check: PASS hard failures: T1=0  T2=0  T3=0  T4=0  DEAD=0  SHAPE=0
  Logged run cost to /home/markk/ares/cbe-generation-system/logs/api_cost_log.md ($0.5744 estimated)
=== math_3_2
  Lesson consistency: 1 major contradiction(s) left after repair (see logs/lesson_drift/math_3_2.json)
    WARNING: best attempt has 1 unresolved finding(s): written, but flagged for human review — see /home/markk/ares/cbe-generation-system/logs/final_explanation_issues/math_3_2.json
  Link check: PASS hard failures: T1=0  T2=0  T3=0  T4=0  DEAD=0  SHAPE=0
  Logged run cost to /home/markk/ares/cbe-generation-system/logs/api_cost_log.md ($1.1395 estimated)
=== math_3_4
  Lesson consistency: 0 major contradiction(s) left after repair (see logs/lesson_drift/math_3_4.json)
  Link check: PASS hard failures: T1=0  T2=0  T3=0  T4=0  DEAD=0  SHAPE=0
  Logged run cost to /home/markk/ares/cbe-generation-system/logs/api_cost_log.md ($0.9233 estimated)
=== math_4_1
  Lesson consistency: 0 major contradiction(s) left after repair (see logs/lesson_drift/math_4_1.json)
  Link check: PASS hard failures: T1=0  T2=0  T3=0  T4=0  DEAD=0  SHAPE=0
  Logged run cost to /home/markk/ares/cbe-generation-system/logs/api_cost_log.md ($0.6008 estimated)
=== math_4_2
  Lesson consistency: 0 major contradiction(s) left after repair (see logs/lesson_drift/math_4_2.json)
    WARNING: best attempt has 2 unresolved finding(s): written, but flagged for human review — see /home/markk/ares/cbe-generation-system/logs/final_explanation_issues/math_4_2.json
  Link check: PASS hard failures: T1=0  T2=0  T3=0  T4=0  DEAD=0  SHAPE=0
  Logged run cost to /home/markk/ares/cbe-generation-system/logs/api_cost_log.md ($0.6884 estimated)
=== phys_1_1
  Lesson consistency: 0 major contradiction(s) left after repair (see logs/lesson_drift/phys_1_1.json)
  Link check: PASS hard failures: T1=0  T2=0  T3=0  T4=0  DEAD=0  SHAPE=0
  Logged run cost to /home/markk/ares/cbe-generation-system/logs/api_cost_log.md ($0.5525 estimated)
=== phys_3_2
  Lesson consistency: 0 major contradiction(s) left after repair (see logs/lesson_drift/phys_3_2.json)
    WARNING: best attempt has 1 unresolved finding(s): written, but flagged for human review — see /home/markk/ares/cbe-generation-system/logs/final_explanation_issues/phys_3_2.json
  Link check: PASS hard failures: T1=0  T2=0  T3=0  T4=0  DEAD=0  SHAPE=0
  Logged run cost to /home/markk/ares/cbe-generation-system/logs/api_cost_log.md ($0.8942 estimated)
=== phys_3_4
  Lesson consistency: 0 major contradiction(s) left after repair (see logs/lesson_drift/phys_3_4.json)
  Link check: PASS hard failures: T1=0  T2=0  T3=0  T4=0  DEAD=0  SHAPE=0
  Logged run cost to /home/markk/ares/cbe-generation-system/logs/api_cost_log.md ($0.6746 estimated)
